[ 2026-08-19 22:37:55,285 ] 29 root - INFO - Initiate the data ingestion
[ 2026-08-19 22:37:55,445 ] 36 root - INFO - Successfully loaded data from local CSV file.
[ 2026-08-19 22:37:55,581 ] 61 root - INFO - Successfully exported data into feature store.
[ 2026-08-19 22:37:55,593 ] 77 root - INFO - Performed train test split on the dataframe.
[ 2026-08-19 22:37:55,594 ] 87 root - INFO - Exporting train and test file path.
[ 2026-08-19 22:37:55,728 ] 103 root - INFO - Exported train and test file path.
[ 2026-08-19 22:37:55,728 ] 129 root - INFO - Data ingestion completed successfully.
[ 2026-08-19 22:37:55,729 ] 31 root - INFO - Data ingestion completed
[ 2026-08-19 22:37:55,763 ] 40 root - INFO - Initiate the data validation
[ 2026-08-19 22:37:55,971 ] 61 root - INFO - Required number of columns: 31
[ 2026-08-19 22:37:55,971 ] 65 root - INFO - Data frame has columns: 31
[ 2026-08-19 22:37:55,971 ] 61 root - INFO - Required number of columns: 31
[ 2026-08-19 22:37:55,971 ] 65 root - INFO - Data frame has columns: 31
[ 2026-08-19 22:37:56,821 ] 42 root - INFO - Data validation completed
[ 2026-08-19 22:37:56,821 ] 49 root - INFO - Data Transformation Started
[ 2026-08-19 22:37:56,822 ] 101 root - INFO - Entered initiate_data_transformation method of DataTransformation class
[ 2026-08-19 22:37:56,822 ] 107 root - INFO - Starting data transformation
[ 2026-08-19 22:37:57,054 ] 71 root - INFO - Entered get_data_transformer_object method of DataTransformation class
[ 2026-08-19 22:37:57,054 ] 81 root - INFO - Initialise KNNImputer with {'missing_values': nan, 'n_neighbors': 3, 'weights': 'uniform'}
[ 2026-08-19 22:37:57,155 ] 94 root - INFO - Entered save_numpy_array_data method
[ 2026-08-19 22:37:57,158 ] 106 root - INFO - NumPy array saved successfully at: Artifacts\08_19_2026_22_37_50\data_transformation\train.npy
[ 2026-08-19 22:37:57,158 ] 94 root - INFO - Entered save_numpy_array_data method
[ 2026-08-19 22:37:57,163 ] 106 root - INFO - NumPy array saved successfully at: Artifacts\08_19_2026_22_37_50\data_transformation\test.npy
[ 2026-08-19 22:37:57,163 ] 40 root - INFO - Entered save_object method
[ 2026-08-19 22:37:57,168 ] 50 root - INFO - Object saved successfully at: Artifacts\08_19_2026_22_37_50\data_transformation\preprocessing.pkl
[ 2026-08-19 22:37:57,168 ] 215 root - INFO - Data transformation completed successfully
[ 2026-08-19 22:37:57,168 ] 235 root - INFO - Data transformation artifact: DataTransformationArtifact(transformed_object_file_path='Artifacts\\08_19_2026_22_37_50\\data_transformation\\preprocessing.pkl', transformed_train_file_path='Artifacts\\08_19_2026_22_37_50\\data_transformation\\train.npy', transformed_test_file_path='Artifacts\\08_19_2026_22_37_50\\data_transformation\\test.npy')
[ 2026-08-19 22:37:57,171 ] 59 root - INFO - Data Transformation Completed
[ 2026-08-19 22:37:57,171 ] 64 root - INFO - Model Training started
