[ 2026-08-17 17:04:19,828 ] 32 root - INFO - Initiate the data ingestion
[ 2026-08-17 17:04:19,949 ] 36 root - INFO - Successfully loaded data from local CSV file.
[ 2026-08-17 17:04:20,077 ] 61 root - INFO - Successfully exported data into feature store.
[ 2026-08-17 17:04:20,126 ] 77 root - INFO - Performed train test split on the dataframe.
[ 2026-08-17 17:04:20,127 ] 87 root - INFO - Exporting train and test file path.
[ 2026-08-17 17:04:20,285 ] 103 root - INFO - Exported train and test file path.
[ 2026-08-17 17:04:20,285 ] 129 root - INFO - Data ingestion completed successfully.
[ 2026-08-17 17:04:20,286 ] 38 root - INFO - Data ingestion completed
[ 2026-08-17 17:04:20,298 ] 52 root - INFO - Initiate the data validation
[ 2026-08-17 17:04:20,485 ] 61 root - INFO - Required number of columns: 31
[ 2026-08-17 17:04:20,486 ] 65 root - INFO - Data frame has columns: 31
[ 2026-08-17 17:04:20,486 ] 61 root - INFO - Required number of columns: 31
[ 2026-08-17 17:04:20,486 ] 65 root - INFO - Data frame has columns: 31
[ 2026-08-17 17:04:20,849 ] 58 root - INFO - Data validation completed
[ 2026-08-17 17:04:20,850 ] 62 root - INFO - Data Transformation Started
[ 2026-08-17 17:04:20,850 ] 101 root - INFO - Entered initiate_data_transformation method of DataTransformation class
[ 2026-08-17 17:04:20,850 ] 107 root - INFO - Starting data transformation
[ 2026-08-17 17:04:21,059 ] 71 root - INFO - Entered get_data_transformer_object method of DataTransformation class
[ 2026-08-17 17:04:21,059 ] 81 root - INFO - Initialise KNNImputer with {'missing_values': nan, 'n_neighbors': 3, 'weights': 'uniform'}
[ 2026-08-17 17:04:21,163 ] 63 root - INFO - Entered the save_object method of MainUtils class
[ 2026-08-17 17:04:21,169 ] 72 root - INFO - Exited the save_object method of MainUtils class
[ 2026-08-17 17:04:21,169 ] 215 root - INFO - Data transformation completed successfully
[ 2026-08-17 17:04:21,169 ] 235 root - INFO - Data transformation artifact: DataTransformationArtifact(transformed_object_file_path='Artifacts\\08_17_2026_17_04_16\\data_transformation\\preprocessing.pkl', transformed_train_file_path='Artifacts\\08_17_2026_17_04_16\\data_transformation\\train.npy', transformed_test_file_path='Artifacts\\08_17_2026_17_04_16\\data_transformation\\test.npy')
[ 2026-08-17 17:04:21,172 ] 66 root - INFO - Data Transformation Completed
