[ 2026-08-20 11:22:15,502 ] 29 root - INFO - Initiate the data ingestion
[ 2026-08-20 11:22:15,577 ] 36 root - INFO - Successfully loaded data from local CSV file.
[ 2026-08-20 11:22:15,712 ] 61 root - INFO - Successfully exported data into feature store.
[ 2026-08-20 11:22:15,729 ] 77 root - INFO - Performed train test split on the dataframe.
[ 2026-08-20 11:22:15,730 ] 87 root - INFO - Exporting train and test file path.
[ 2026-08-20 11:22:15,862 ] 103 root - INFO - Exported train and test file path.
[ 2026-08-20 11:22:15,863 ] 129 root - INFO - Data ingestion completed successfully.
[ 2026-08-20 11:22:15,864 ] 31 root - INFO - Data ingestion completed
[ 2026-08-20 11:22:15,876 ] 40 root - INFO - Initiate the data validation
[ 2026-08-20 11:22:16,150 ] 61 root - INFO - Required number of columns: 31
[ 2026-08-20 11:22:16,151 ] 65 root - INFO - Data frame has columns: 31
[ 2026-08-20 11:22:16,151 ] 61 root - INFO - Required number of columns: 31
[ 2026-08-20 11:22:16,151 ] 65 root - INFO - Data frame has columns: 31
[ 2026-08-20 11:22:16,632 ] 42 root - INFO - Data validation completed
[ 2026-08-20 11:22:16,633 ] 49 root - INFO - Data Transformation Started
[ 2026-08-20 11:22:16,633 ] 101 root - INFO - Entered initiate_data_transformation method of DataTransformation class
[ 2026-08-20 11:22:16,633 ] 107 root - INFO - Starting data transformation
[ 2026-08-20 11:22:16,790 ] 71 root - INFO - Entered get_data_transformer_object method of DataTransformation class
[ 2026-08-20 11:22:16,791 ] 81 root - INFO - Initialise KNNImputer with {'missing_values': nan, 'n_neighbors': 3, 'weights': 'uniform'}
[ 2026-08-20 11:22:16,882 ] 96 root - INFO - Entered save_numpy_array_data method
[ 2026-08-20 11:22:16,898 ] 108 root - INFO - NumPy array saved successfully at: Artifacts\08_20_2026_11_22_04\data_transformation\train.npy
[ 2026-08-20 11:22:16,898 ] 96 root - INFO - Entered save_numpy_array_data method
[ 2026-08-20 11:22:16,900 ] 108 root - INFO - NumPy array saved successfully at: Artifacts\08_20_2026_11_22_04\data_transformation\test.npy
[ 2026-08-20 11:22:16,901 ] 40 root - INFO - Entered save_object method
[ 2026-08-20 11:22:16,904 ] 50 root - INFO - Object saved successfully at: Artifacts\08_20_2026_11_22_04\data_transformation\preprocessing.pkl
[ 2026-08-20 11:22:16,904 ] 215 root - INFO - Data transformation completed successfully
[ 2026-08-20 11:22:16,904 ] 235 root - INFO - Data transformation artifact: DataTransformationArtifact(transformed_object_file_path='Artifacts\\08_20_2026_11_22_04\\data_transformation\\preprocessing.pkl', transformed_train_file_path='Artifacts\\08_20_2026_11_22_04\\data_transformation\\train.npy', transformed_test_file_path='Artifacts\\08_20_2026_11_22_04\\data_transformation\\test.npy')
[ 2026-08-20 11:22:16,912 ] 59 root - INFO - Data Transformation Completed
[ 2026-08-20 11:22:16,912 ] 64 root - INFO - Model Training started
[ 2026-08-20 11:22:16,912 ] 77 root - INFO - Entered load_numpy_array_data method
[ 2026-08-20 11:22:16,937 ] 81 root - INFO - NumPy array loaded successfully from: Artifacts\08_20_2026_11_22_04\data_transformation\train.npy
[ 2026-08-20 11:22:16,937 ] 77 root - INFO - Entered load_numpy_array_data method
[ 2026-08-20 11:22:16,957 ] 81 root - INFO - NumPy array loaded successfully from: Artifacts\08_20_2026_11_22_04\data_transformation\test.npy
[ 2026-08-20 11:22:37,081 ] 180 root - INFO - Random Forest: train_score=0.9905020352781547, test_score=0.973767526006332
[ 2026-08-20 11:22:37,589 ] 180 root - INFO - Decision Tree: train_score=0.9905020352781547, test_score=0.9620081411126187
[ 2026-08-20 11:23:43,828 ] 180 root - INFO - Gradient Boosting: train_score=0.9517186793306196, test_score=0.9561284486657621
[ 2026-08-20 11:23:43,911 ] 180 root - INFO - Logistic Regression: train_score=0.927860696517413, test_score=0.9289914066033469
[ 2026-08-20 11:24:26,293 ] 180 root - INFO - AdaBoost: train_score=0.9288783355947535, test_score=0.9353233830845771
[ 2026-08-20 11:25:38,200 ] 60 root - INFO - Entered load_object method
[ 2026-08-20 11:25:38,218 ] 65 root - INFO - Object loaded successfully from: Artifacts\08_20_2026_11_22_04\data_transformation\preprocessing.pkl
[ 2026-08-20 11:25:38,220 ] 40 root - INFO - Entered save_object method
[ 2026-08-20 11:25:38,267 ] 50 root - INFO - Object saved successfully at: Artifacts\08_20_2026_11_22_04\model_trainer\trained_model\model.pkl
[ 2026-08-20 11:25:38,267 ] 330 root - INFO - Model trainer artifact: ModelTrainerArtifact(trained_model_file_path='Artifacts\\08_20_2026_11_22_04\\model_trainer\\trained_model\\model.pkl', train_metric_artifact=ClassificationMetricArtifact(f1_score=0.9905001429644027, precision_score=0.990503292720736, recall_score=0.9905020352781547), test_metric_artifact=ClassificationMetricArtifact(f1_score=0.9737508281424125, precision_score=0.9738369931536331, recall_score=0.973767526006332))
[ 2026-08-20 11:25:38,274 ] 76 root - INFO - Model Training artifact created
