[ 2026-08-20 11:00:18,309 ] 29 root - INFO - Initiate the data ingestion
[ 2026-08-20 11:00:18,397 ] 36 root - INFO - Successfully loaded data from local CSV file.
[ 2026-08-20 11:00:18,534 ] 61 root - INFO - Successfully exported data into feature store.
[ 2026-08-20 11:00:18,545 ] 77 root - INFO - Performed train test split on the dataframe.
[ 2026-08-20 11:00:18,546 ] 87 root - INFO - Exporting train and test file path.
[ 2026-08-20 11:00:18,676 ] 103 root - INFO - Exported train and test file path.
[ 2026-08-20 11:00:18,677 ] 129 root - INFO - Data ingestion completed successfully.
[ 2026-08-20 11:00:18,677 ] 31 root - INFO - Data ingestion completed
[ 2026-08-20 11:00:18,718 ] 40 root - INFO - Initiate the data validation
[ 2026-08-20 11:00:18,842 ] 61 root - INFO - Required number of columns: 31
[ 2026-08-20 11:00:18,842 ] 65 root - INFO - Data frame has columns: 31
[ 2026-08-20 11:00:18,842 ] 61 root - INFO - Required number of columns: 31
[ 2026-08-20 11:00:18,842 ] 65 root - INFO - Data frame has columns: 31
[ 2026-08-20 11:00:19,230 ] 42 root - INFO - Data validation completed
[ 2026-08-20 11:00:19,231 ] 49 root - INFO - Data Transformation Started
[ 2026-08-20 11:00:19,231 ] 101 root - INFO - Entered initiate_data_transformation method of DataTransformation class
[ 2026-08-20 11:00:19,231 ] 107 root - INFO - Starting data transformation
[ 2026-08-20 11:00:19,423 ] 71 root - INFO - Entered get_data_transformer_object method of DataTransformation class
[ 2026-08-20 11:00:19,423 ] 81 root - INFO - Initialise KNNImputer with {'missing_values': nan, 'n_neighbors': 3, 'weights': 'uniform'}
[ 2026-08-20 11:00:19,505 ] 96 root - INFO - Entered save_numpy_array_data method
[ 2026-08-20 11:00:19,508 ] 108 root - INFO - NumPy array saved successfully at: Artifacts\08_20_2026_11_00_10\data_transformation\train.npy
[ 2026-08-20 11:00:19,508 ] 96 root - INFO - Entered save_numpy_array_data method
[ 2026-08-20 11:00:19,510 ] 108 root - INFO - NumPy array saved successfully at: Artifacts\08_20_2026_11_00_10\data_transformation\test.npy
[ 2026-08-20 11:00:19,511 ] 40 root - INFO - Entered save_object method
[ 2026-08-20 11:00:19,515 ] 50 root - INFO - Object saved successfully at: Artifacts\08_20_2026_11_00_10\data_transformation\preprocessing.pkl
[ 2026-08-20 11:00:19,515 ] 215 root - INFO - Data transformation completed successfully
[ 2026-08-20 11:00:19,515 ] 235 root - INFO - Data transformation artifact: DataTransformationArtifact(transformed_object_file_path='Artifacts\\08_20_2026_11_00_10\\data_transformation\\preprocessing.pkl', transformed_train_file_path='Artifacts\\08_20_2026_11_00_10\\data_transformation\\train.npy', transformed_test_file_path='Artifacts\\08_20_2026_11_00_10\\data_transformation\\test.npy')
[ 2026-08-20 11:00:19,523 ] 59 root - INFO - Data Transformation Completed
[ 2026-08-20 11:00:19,523 ] 64 root - INFO - Model Training started
[ 2026-08-20 11:00:19,523 ] 77 root - INFO - Entered load_numpy_array_data method
[ 2026-08-20 11:00:19,540 ] 81 root - INFO - NumPy array loaded successfully from: Artifacts\08_20_2026_11_00_10\data_transformation\train.npy
[ 2026-08-20 11:00:19,540 ] 77 root - INFO - Entered load_numpy_array_data method
[ 2026-08-20 11:00:19,571 ] 81 root - INFO - NumPy array loaded successfully from: Artifacts\08_20_2026_11_00_10\data_transformation\test.npy
[ 2026-08-20 11:00:39,219 ] 180 root - INFO - Random Forest: train_score=0.9902758932609679, test_score=0.9687924016282226
[ 2026-08-20 11:00:39,799 ] 180 root - INFO - Decision Tree: train_score=0.9902758932609679, test_score=0.9615558570782451
[ 2026-08-20 11:01:48,636 ] 180 root - INFO - Gradient Boosting: train_score=0.9528493894165536, test_score=0.9516056083220262
[ 2026-08-20 11:01:48,716 ] 180 root - INFO - Logistic Regression: train_score=0.9291044776119403, test_score=0.9222071460877431
[ 2026-08-20 11:02:37,137 ] 180 root - INFO - AdaBoost: train_score=0.9310266847580281, test_score=0.9308005427408412
[ 2026-08-20 11:03:53,709 ] 60 root - INFO - Entered load_object method
[ 2026-08-20 11:03:53,730 ] 65 root - INFO - Object loaded successfully from: Artifacts\08_20_2026_11_00_10\data_transformation\preprocessing.pkl
[ 2026-08-20 11:03:53,732 ] 40 root - INFO - Entered save_object method
[ 2026-08-20 11:03:53,747 ] 50 root - INFO - Object saved successfully at: Artifacts\08_20_2026_11_00_10\model_trainer\trained_model\model.pkl
[ 2026-08-20 11:03:53,747 ] 330 root - INFO - Model trainer artifact: ModelTrainerArtifact(trained_model_file_path='Artifacts\\08_20_2026_11_00_10\\model_trainer\\trained_model\\model.pkl', train_metric_artifact=ClassificationMetricArtifact(f1_score=0.9902727652991573, precision_score=0.9902844301846147, recall_score=0.9902758932609679), test_metric_artifact=ClassificationMetricArtifact(f1_score=0.9687556572326882, precision_score=0.9688966059174371, recall_score=0.9687924016282226))
[ 2026-08-20 11:03:53,753 ] 76 root - INFO - Model Training artifact created
