[ 2026-08-20 12:08:45,939 ] 29 root - INFO - Initiate the data ingestion
[ 2026-08-20 12:08:46,000 ] 36 root - INFO - Successfully loaded data from local CSV file.
[ 2026-08-20 12:08:46,476 ] 61 root - INFO - Successfully exported data into feature store.
[ 2026-08-20 12:08:46,483 ] 77 root - INFO - Performed train test split on the dataframe.
[ 2026-08-20 12:08:46,484 ] 87 root - INFO - Exporting train and test file path.
[ 2026-08-20 12:08:46,767 ] 103 root - INFO - Exported train and test file path.
[ 2026-08-20 12:08:46,767 ] 129 root - INFO - Data ingestion completed successfully.
[ 2026-08-20 12:08:46,768 ] 31 root - INFO - Data ingestion completed
[ 2026-08-20 12:08:46,795 ] 40 root - INFO - Initiate the data validation
[ 2026-08-20 12:08:46,952 ] 61 root - INFO - Required number of columns: 31
[ 2026-08-20 12:08:46,952 ] 65 root - INFO - Data frame has columns: 31
[ 2026-08-20 12:08:46,952 ] 61 root - INFO - Required number of columns: 31
[ 2026-08-20 12:08:46,952 ] 65 root - INFO - Data frame has columns: 31
[ 2026-08-20 12:08:47,348 ] 42 root - INFO - Data validation completed
[ 2026-08-20 12:08:47,349 ] 49 root - INFO - Data Transformation Started
[ 2026-08-20 12:08:47,349 ] 101 root - INFO - Entered initiate_data_transformation method of DataTransformation class
[ 2026-08-20 12:08:47,349 ] 107 root - INFO - Starting data transformation
[ 2026-08-20 12:08:47,498 ] 71 root - INFO - Entered get_data_transformer_object method of DataTransformation class
[ 2026-08-20 12:08:47,499 ] 81 root - INFO - Initialise KNNImputer with {'missing_values': nan, 'n_neighbors': 3, 'weights': 'uniform'}
[ 2026-08-20 12:08:47,586 ] 96 root - INFO - Entered save_numpy_array_data method
[ 2026-08-20 12:08:47,592 ] 108 root - INFO - NumPy array saved successfully at: Artifacts\08_20_2026_12_08_34\data_transformation\train.npy
[ 2026-08-20 12:08:47,592 ] 96 root - INFO - Entered save_numpy_array_data method
[ 2026-08-20 12:08:47,594 ] 108 root - INFO - NumPy array saved successfully at: Artifacts\08_20_2026_12_08_34\data_transformation\test.npy
[ 2026-08-20 12:08:47,595 ] 40 root - INFO - Entered save_object method
[ 2026-08-20 12:08:47,598 ] 50 root - INFO - Object saved successfully at: Artifacts\08_20_2026_12_08_34\data_transformation\preprocessing.pkl
[ 2026-08-20 12:08:47,598 ] 215 root - INFO - Data transformation completed successfully
[ 2026-08-20 12:08:47,598 ] 235 root - INFO - Data transformation artifact: DataTransformationArtifact(transformed_object_file_path='Artifacts\\08_20_2026_12_08_34\\data_transformation\\preprocessing.pkl', transformed_train_file_path='Artifacts\\08_20_2026_12_08_34\\data_transformation\\train.npy', transformed_test_file_path='Artifacts\\08_20_2026_12_08_34\\data_transformation\\test.npy')
[ 2026-08-20 12:08:47,600 ] 59 root - INFO - Data Transformation Completed
[ 2026-08-20 12:08:47,601 ] 64 root - INFO - Model Training started
[ 2026-08-20 12:08:47,601 ] 77 root - INFO - Entered load_numpy_array_data method
[ 2026-08-20 12:08:47,626 ] 81 root - INFO - NumPy array loaded successfully from: Artifacts\08_20_2026_12_08_34\data_transformation\train.npy
[ 2026-08-20 12:08:47,626 ] 77 root - INFO - Entered load_numpy_array_data method
[ 2026-08-20 12:08:47,643 ] 81 root - INFO - NumPy array loaded successfully from: Artifacts\08_20_2026_12_08_34\data_transformation\test.npy
[ 2026-08-20 12:09:06,918 ] 182 root - INFO - Random Forest: train_score=0.9909543193125283, test_score=0.9724106739032112
[ 2026-08-20 12:09:07,277 ] 182 root - INFO - Decision Tree: train_score=0.9909543193125283, test_score=0.9615558570782451
[ 2026-08-20 12:10:43,334 ] 182 root - INFO - Gradient Boosting: train_score=0.952962460425147, test_score=0.9525101763907734
[ 2026-08-20 12:10:43,435 ] 182 root - INFO - Logistic Regression: train_score=0.9287652645861602, test_score=0.9280868385345997
[ 2026-08-20 12:12:07,709 ] 182 root - INFO - AdaBoost: train_score=0.9314789687924017, test_score=0.9326096788783356
