[ 2026-08-20 12:08:14,258 ] 29 root - INFO - Initiate the data ingestion
[ 2026-08-20 12:08:14,336 ] 36 root - INFO - Successfully loaded data from local CSV file.
[ 2026-08-20 12:08:14,497 ] 61 root - INFO - Successfully exported data into feature store.
[ 2026-08-20 12:08:14,507 ] 77 root - INFO - Performed train test split on the dataframe.
[ 2026-08-20 12:08:14,508 ] 87 root - INFO - Exporting train and test file path.
[ 2026-08-20 12:08:14,663 ] 103 root - INFO - Exported train and test file path.
[ 2026-08-20 12:08:14,664 ] 129 root - INFO - Data ingestion completed successfully.
[ 2026-08-20 12:08:14,665 ] 31 root - INFO - Data ingestion completed
[ 2026-08-20 12:08:14,679 ] 40 root - INFO - Initiate the data validation
[ 2026-08-20 12:08:14,818 ] 61 root - INFO - Required number of columns: 31
[ 2026-08-20 12:08:14,850 ] 65 root - INFO - Data frame has columns: 31
[ 2026-08-20 12:08:14,851 ] 61 root - INFO - Required number of columns: 31
[ 2026-08-20 12:08:14,851 ] 65 root - INFO - Data frame has columns: 31
[ 2026-08-20 12:08:15,413 ] 42 root - INFO - Data validation completed
[ 2026-08-20 12:08:15,413 ] 49 root - INFO - Data Transformation Started
[ 2026-08-20 12:08:15,415 ] 101 root - INFO - Entered initiate_data_transformation method of DataTransformation class
[ 2026-08-20 12:08:15,415 ] 107 root - INFO - Starting data transformation
[ 2026-08-20 12:08:15,565 ] 71 root - INFO - Entered get_data_transformer_object method of DataTransformation class
[ 2026-08-20 12:08:15,565 ] 81 root - INFO - Initialise KNNImputer with {'missing_values': nan, 'n_neighbors': 3, 'weights': 'uniform'}
[ 2026-08-20 12:08:15,671 ] 96 root - INFO - Entered save_numpy_array_data method
[ 2026-08-20 12:08:15,677 ] 108 root - INFO - NumPy array saved successfully at: Artifacts\08_20_2026_12_08_00\data_transformation\train.npy
[ 2026-08-20 12:08:15,677 ] 96 root - INFO - Entered save_numpy_array_data method
[ 2026-08-20 12:08:15,681 ] 108 root - INFO - NumPy array saved successfully at: Artifacts\08_20_2026_12_08_00\data_transformation\test.npy
[ 2026-08-20 12:08:15,681 ] 40 root - INFO - Entered save_object method
[ 2026-08-20 12:08:15,685 ] 50 root - INFO - Object saved successfully at: Artifacts\08_20_2026_12_08_00\data_transformation\preprocessing.pkl
[ 2026-08-20 12:08:15,685 ] 215 root - INFO - Data transformation completed successfully
[ 2026-08-20 12:08:15,685 ] 235 root - INFO - Data transformation artifact: DataTransformationArtifact(transformed_object_file_path='Artifacts\\08_20_2026_12_08_00\\data_transformation\\preprocessing.pkl', transformed_train_file_path='Artifacts\\08_20_2026_12_08_00\\data_transformation\\train.npy', transformed_test_file_path='Artifacts\\08_20_2026_12_08_00\\data_transformation\\test.npy')
[ 2026-08-20 12:08:15,687 ] 59 root - INFO - Data Transformation Completed
[ 2026-08-20 12:08:15,687 ] 64 root - INFO - Model Training started
[ 2026-08-20 12:08:15,687 ] 77 root - INFO - Entered load_numpy_array_data method
[ 2026-08-20 12:08:15,710 ] 81 root - INFO - NumPy array loaded successfully from: Artifacts\08_20_2026_12_08_00\data_transformation\train.npy
[ 2026-08-20 12:08:15,710 ] 77 root - INFO - Entered load_numpy_array_data method
[ 2026-08-20 12:08:15,731 ] 81 root - INFO - NumPy array loaded successfully from: Artifacts\08_20_2026_12_08_00\data_transformation\test.npy
