[ 2026-08-20 12:45:43,693 ] 29 root - INFO - Initiate the data ingestion
[ 2026-08-20 12:45:43,745 ] 36 root - INFO - Successfully loaded data from local CSV file.
[ 2026-08-20 12:45:43,879 ] 61 root - INFO - Successfully exported data into feature store.
[ 2026-08-20 12:45:43,891 ] 77 root - INFO - Performed train test split on the dataframe.
[ 2026-08-20 12:45:43,892 ] 87 root - INFO - Exporting train and test file path.
[ 2026-08-20 12:45:44,017 ] 103 root - INFO - Exported train and test file path.
[ 2026-08-20 12:45:44,018 ] 129 root - INFO - Data ingestion completed successfully.
[ 2026-08-20 12:45:44,018 ] 31 root - INFO - Data ingestion completed
[ 2026-08-20 12:45:44,032 ] 40 root - INFO - Initiate the data validation
[ 2026-08-20 12:45:44,177 ] 61 root - INFO - Required number of columns: 31
[ 2026-08-20 12:45:44,177 ] 65 root - INFO - Data frame has columns: 31
[ 2026-08-20 12:45:44,178 ] 61 root - INFO - Required number of columns: 31
[ 2026-08-20 12:45:44,178 ] 65 root - INFO - Data frame has columns: 31
[ 2026-08-20 12:45:44,578 ] 42 root - INFO - Data validation completed
[ 2026-08-20 12:45:44,579 ] 49 root - INFO - Data Transformation Started
[ 2026-08-20 12:45:44,579 ] 101 root - INFO - Entered initiate_data_transformation method of DataTransformation class
[ 2026-08-20 12:45:44,579 ] 107 root - INFO - Starting data transformation
[ 2026-08-20 12:45:44,707 ] 71 root - INFO - Entered get_data_transformer_object method of DataTransformation class
[ 2026-08-20 12:45:44,708 ] 81 root - INFO - Initialise KNNImputer with {'missing_values': nan, 'n_neighbors': 3, 'weights': 'uniform'}
[ 2026-08-20 12:45:44,781 ] 96 root - INFO - Entered save_numpy_array_data method
[ 2026-08-20 12:45:44,784 ] 108 root - INFO - NumPy array saved successfully at: Artifacts\08_20_2026_12_45_32\data_transformation\train.npy
[ 2026-08-20 12:45:44,785 ] 96 root - INFO - Entered save_numpy_array_data method
[ 2026-08-20 12:45:44,787 ] 108 root - INFO - NumPy array saved successfully at: Artifacts\08_20_2026_12_45_32\data_transformation\test.npy
[ 2026-08-20 12:45:44,789 ] 40 root - INFO - Entered save_object method
[ 2026-08-20 12:45:44,794 ] 50 root - INFO - Object saved successfully at: Artifacts\08_20_2026_12_45_32\data_transformation\preprocessing.pkl
[ 2026-08-20 12:45:44,794 ] 215 root - INFO - Data transformation completed successfully
[ 2026-08-20 12:45:44,794 ] 235 root - INFO - Data transformation artifact: DataTransformationArtifact(transformed_object_file_path='Artifacts\\08_20_2026_12_45_32\\data_transformation\\preprocessing.pkl', transformed_train_file_path='Artifacts\\08_20_2026_12_45_32\\data_transformation\\train.npy', transformed_test_file_path='Artifacts\\08_20_2026_12_45_32\\data_transformation\\test.npy')
[ 2026-08-20 12:45:44,796 ] 59 root - INFO - Data Transformation Completed
[ 2026-08-20 12:45:44,796 ] 64 root - INFO - Model Training started
[ 2026-08-20 12:45:44,797 ] 77 root - INFO - Entered load_numpy_array_data method
[ 2026-08-20 12:45:44,816 ] 81 root - INFO - NumPy array loaded successfully from: Artifacts\08_20_2026_12_45_32\data_transformation\train.npy
[ 2026-08-20 12:45:44,816 ] 77 root - INFO - Entered load_numpy_array_data method
[ 2026-08-20 12:45:44,840 ] 81 root - INFO - NumPy array loaded successfully from: Artifacts\08_20_2026_12_45_32\data_transformation\test.npy
[ 2026-08-20 12:45:59,773 ] 182 root - INFO - Random Forest: train_score=0.9912935323383084, test_score=0.9678878335594754
[ 2026-08-20 12:46:00,404 ] 182 root - INFO - Decision Tree: train_score=0.9912935323383084, test_score=0.9615558570782451
[ 2026-08-20 12:47:34,799 ] 182 root - INFO - Gradient Boosting: train_score=0.9514925373134329, test_score=0.9511533242876526
[ 2026-08-20 12:47:34,887 ] 182 root - INFO - Logistic Regression: train_score=0.9283129805517866, test_score=0.926729986431479
[ 2026-08-20 12:48:41,205 ] 182 root - INFO - AdaBoost: train_score=0.9294436906377205, test_score=0.9312528267752148
[ 2026-08-20 12:49:35,139 ] 60 root - INFO - Entered load_object method
[ 2026-08-20 12:49:35,167 ] 65 root - INFO - Object loaded successfully from: Artifacts\08_20_2026_12_45_32\data_transformation\preprocessing.pkl
[ 2026-08-20 12:49:35,168 ] 40 root - INFO - Entered save_object method
[ 2026-08-20 12:49:35,185 ] 50 root - INFO - Object saved successfully at: Artifacts\08_20_2026_12_45_32\model_trainer\trained_model\model.pkl
[ 2026-08-20 12:49:35,185 ] 335 root - INFO - Model trainer artifact: ModelTrainerArtifact(trained_model_file_path='Artifacts\\08_20_2026_12_45_32\\model_trainer\\trained_model\\model.pkl', train_metric_artifact=ClassificationMetricArtifact(f1_score=0.991290583119512, precision_score=0.9913037073657998, recall_score=0.9912935323383084), test_metric_artifact=ClassificationMetricArtifact(f1_score=0.9678729849779405, precision_score=0.9678906224026342, recall_score=0.9678878335594754))
[ 2026-08-20 12:49:35,189 ] 76 root - INFO - Model Training artifact created
