[ 2026-08-20 00:29:16,630 ] 29 root - INFO - Initiate the data ingestion
[ 2026-08-20 00:29:16,770 ] 36 root - INFO - Successfully loaded data from local CSV file.
[ 2026-08-20 00:29:16,905 ] 61 root - INFO - Successfully exported data into feature store.
[ 2026-08-20 00:29:16,920 ] 77 root - INFO - Performed train test split on the dataframe.
[ 2026-08-20 00:29:16,921 ] 87 root - INFO - Exporting train and test file path.
[ 2026-08-20 00:29:17,046 ] 103 root - INFO - Exported train and test file path.
[ 2026-08-20 00:29:17,047 ] 129 root - INFO - Data ingestion completed successfully.
[ 2026-08-20 00:29:17,047 ] 31 root - INFO - Data ingestion completed
[ 2026-08-20 00:29:17,059 ] 40 root - INFO - Initiate the data validation
[ 2026-08-20 00:29:17,256 ] 61 root - INFO - Required number of columns: 31
[ 2026-08-20 00:29:17,256 ] 65 root - INFO - Data frame has columns: 31
[ 2026-08-20 00:29:17,256 ] 61 root - INFO - Required number of columns: 31
[ 2026-08-20 00:29:17,256 ] 65 root - INFO - Data frame has columns: 31
[ 2026-08-20 00:29:18,074 ] 42 root - INFO - Data validation completed
[ 2026-08-20 00:29:18,075 ] 49 root - INFO - Data Transformation Started
[ 2026-08-20 00:29:18,075 ] 101 root - INFO - Entered initiate_data_transformation method of DataTransformation class
[ 2026-08-20 00:29:18,076 ] 107 root - INFO - Starting data transformation
[ 2026-08-20 00:29:18,273 ] 71 root - INFO - Entered get_data_transformer_object method of DataTransformation class
[ 2026-08-20 00:29:18,274 ] 81 root - INFO - Initialise KNNImputer with {'missing_values': nan, 'n_neighbors': 3, 'weights': 'uniform'}
[ 2026-08-20 00:29:18,355 ] 94 root - INFO - Entered save_numpy_array_data method
[ 2026-08-20 00:29:18,359 ] 106 root - INFO - NumPy array saved successfully at: Artifacts\08_20_2026_00_29_12\data_transformation\train.npy
[ 2026-08-20 00:29:18,359 ] 94 root - INFO - Entered save_numpy_array_data method
[ 2026-08-20 00:29:18,361 ] 106 root - INFO - NumPy array saved successfully at: Artifacts\08_20_2026_00_29_12\data_transformation\test.npy
[ 2026-08-20 00:29:18,362 ] 40 root - INFO - Entered save_object method
[ 2026-08-20 00:29:18,366 ] 50 root - INFO - Object saved successfully at: Artifacts\08_20_2026_00_29_12\data_transformation\preprocessing.pkl
[ 2026-08-20 00:29:18,366 ] 215 root - INFO - Data transformation completed successfully
[ 2026-08-20 00:29:18,366 ] 235 root - INFO - Data transformation artifact: DataTransformationArtifact(transformed_object_file_path='Artifacts\\08_20_2026_00_29_12\\data_transformation\\preprocessing.pkl', transformed_train_file_path='Artifacts\\08_20_2026_00_29_12\\data_transformation\\train.npy', transformed_test_file_path='Artifacts\\08_20_2026_00_29_12\\data_transformation\\test.npy')
[ 2026-08-20 00:29:18,369 ] 59 root - INFO - Data Transformation Completed
[ 2026-08-20 00:29:18,369 ] 64 root - INFO - Model Training started
[ 2026-08-20 00:29:18,369 ] 77 root - INFO - Entered load_numpy_array_data method
[ 2026-08-20 00:29:18,388 ] 81 root - INFO - NumPy array loaded successfully from: Artifacts\08_20_2026_00_29_12\data_transformation\train.npy
[ 2026-08-20 00:29:18,388 ] 77 root - INFO - Entered load_numpy_array_data method
[ 2026-08-20 00:29:18,408 ] 81 root - INFO - NumPy array loaded successfully from: Artifacts\08_20_2026_00_29_12\data_transformation\test.npy
[ 2026-08-20 00:29:33,895 ] 166 root - INFO - Random Forest: train_score=0.9899366802351877, test_score=0.9755766621438263
[ 2026-08-20 00:29:34,212 ] 166 root - INFO - Decision Tree: train_score=0.9899366802351877, test_score=0.968340117593849
[ 2026-08-20 00:31:11,347 ] 166 root - INFO - Gradient Boosting: train_score=0.9517186793306196, test_score=0.9552238805970149
[ 2026-08-20 00:31:11,433 ] 166 root - INFO - Logistic Regression: train_score=0.9277476255088195, test_score=0.9312528267752148
[ 2026-08-20 00:32:18,266 ] 166 root - INFO - AdaBoost: train_score=0.9311397557666214, test_score=0.9389416553595658
