[ 2026-08-20 00:38:35,874 ] 29 root - INFO - Initiate the data ingestion
[ 2026-08-20 00:38:35,989 ] 36 root - INFO - Successfully loaded data from local CSV file.
[ 2026-08-20 00:38:36,121 ] 61 root - INFO - Successfully exported data into feature store.
[ 2026-08-20 00:38:36,129 ] 77 root - INFO - Performed train test split on the dataframe.
[ 2026-08-20 00:38:36,130 ] 87 root - INFO - Exporting train and test file path.
[ 2026-08-20 00:38:36,256 ] 103 root - INFO - Exported train and test file path.
[ 2026-08-20 00:38:36,256 ] 129 root - INFO - Data ingestion completed successfully.
[ 2026-08-20 00:38:36,257 ] 31 root - INFO - Data ingestion completed
[ 2026-08-20 00:38:36,272 ] 40 root - INFO - Initiate the data validation
[ 2026-08-20 00:38:36,469 ] 61 root - INFO - Required number of columns: 31
[ 2026-08-20 00:38:36,469 ] 65 root - INFO - Data frame has columns: 31
[ 2026-08-20 00:38:36,469 ] 61 root - INFO - Required number of columns: 31
[ 2026-08-20 00:38:36,469 ] 65 root - INFO - Data frame has columns: 31
[ 2026-08-20 00:38:36,876 ] 42 root - INFO - Data validation completed
[ 2026-08-20 00:38:36,877 ] 49 root - INFO - Data Transformation Started
[ 2026-08-20 00:38:36,877 ] 101 root - INFO - Entered initiate_data_transformation method of DataTransformation class
[ 2026-08-20 00:38:36,877 ] 107 root - INFO - Starting data transformation
[ 2026-08-20 00:38:37,075 ] 71 root - INFO - Entered get_data_transformer_object method of DataTransformation class
[ 2026-08-20 00:38:37,076 ] 81 root - INFO - Initialise KNNImputer with {'missing_values': nan, 'n_neighbors': 3, 'weights': 'uniform'}
[ 2026-08-20 00:38:37,156 ] 96 root - INFO - Entered save_numpy_array_data method
[ 2026-08-20 00:38:37,159 ] 108 root - INFO - NumPy array saved successfully at: Artifacts\08_20_2026_00_38_31\data_transformation\train.npy
[ 2026-08-20 00:38:37,159 ] 96 root - INFO - Entered save_numpy_array_data method
[ 2026-08-20 00:38:37,162 ] 108 root - INFO - NumPy array saved successfully at: Artifacts\08_20_2026_00_38_31\data_transformation\test.npy
[ 2026-08-20 00:38:37,162 ] 40 root - INFO - Entered save_object method
[ 2026-08-20 00:38:37,166 ] 50 root - INFO - Object saved successfully at: Artifacts\08_20_2026_00_38_31\data_transformation\preprocessing.pkl
[ 2026-08-20 00:38:37,166 ] 215 root - INFO - Data transformation completed successfully
[ 2026-08-20 00:38:37,166 ] 235 root - INFO - Data transformation artifact: DataTransformationArtifact(transformed_object_file_path='Artifacts\\08_20_2026_00_38_31\\data_transformation\\preprocessing.pkl', transformed_train_file_path='Artifacts\\08_20_2026_00_38_31\\data_transformation\\train.npy', transformed_test_file_path='Artifacts\\08_20_2026_00_38_31\\data_transformation\\test.npy')
[ 2026-08-20 00:38:37,169 ] 59 root - INFO - Data Transformation Completed
[ 2026-08-20 00:38:37,169 ] 64 root - INFO - Model Training started
[ 2026-08-20 00:38:37,170 ] 77 root - INFO - Entered load_numpy_array_data method
[ 2026-08-20 00:38:37,195 ] 81 root - INFO - NumPy array loaded successfully from: Artifacts\08_20_2026_00_38_31\data_transformation\train.npy
[ 2026-08-20 00:38:37,195 ] 77 root - INFO - Entered load_numpy_array_data method
[ 2026-08-20 00:38:37,212 ] 81 root - INFO - NumPy array loaded successfully from: Artifacts\08_20_2026_00_38_31\data_transformation\test.npy
[ 2026-08-20 00:38:55,089 ] 180 root - INFO - Random Forest: train_score=0.9907281772953415, test_score=0.9706015377657169
[ 2026-08-20 00:38:55,853 ] 180 root - INFO - Decision Tree: train_score=0.9907281772953415, test_score=0.9647218453188603
[ 2026-08-20 00:40:03,448 ] 180 root - INFO - Gradient Boosting: train_score=0.9530755314337404, test_score=0.9434644957033017
[ 2026-08-20 00:40:03,531 ] 180 root - INFO - Logistic Regression: train_score=0.9297829036635007, test_score=0.9176843057440073
[ 2026-08-20 00:40:45,834 ] 180 root - INFO - AdaBoost: train_score=0.9328358208955224, test_score=0.9240162822252375
[ 2026-08-20 00:40:45,954 ] 60 root - INFO - Entered load_object method
[ 2026-08-20 00:40:45,974 ] 65 root - INFO - Object loaded successfully from: Artifacts\08_20_2026_00_38_31\data_transformation\preprocessing.pkl
[ 2026-08-20 00:40:45,975 ] 40 root - INFO - Entered save_object method
[ 2026-08-20 00:40:45,986 ] 50 root - INFO - Object saved successfully at: Artifacts\08_20_2026_00_38_31\model_trainer\trained_model\model.pkl
[ 2026-08-20 00:40:45,987 ] 211 root - INFO - Model trainer artifact: ModelTrainerArtifact(trained_model_file_path='Artifacts\\08_20_2026_00_38_31\\model_trainer\\trained_model\\model.pkl', train_metric_artifact=ClassificationMetricArtifact(f1_score=0.9907253126744768, precision_score=0.9907348997448476, recall_score=0.9907281772953415), test_metric_artifact=ClassificationMetricArtifact(f1_score=0.9705848100122575, precision_score=0.9706358541288486, recall_score=0.9706015377657169))
[ 2026-08-20 00:40:45,989 ] 76 root - INFO - Model Training artifact created
