[ 2026-08-20 12:14:21,543 ] 29 root - INFO - Initiate the data ingestion
[ 2026-08-20 12:14:21,608 ] 36 root - INFO - Successfully loaded data from local CSV file.
[ 2026-08-20 12:14:21,783 ] 61 root - INFO - Successfully exported data into feature store.
[ 2026-08-20 12:14:21,793 ] 77 root - INFO - Performed train test split on the dataframe.
[ 2026-08-20 12:14:21,794 ] 87 root - INFO - Exporting train and test file path.
[ 2026-08-20 12:14:21,944 ] 103 root - INFO - Exported train and test file path.
[ 2026-08-20 12:14:21,945 ] 129 root - INFO - Data ingestion completed successfully.
[ 2026-08-20 12:14:21,946 ] 31 root - INFO - Data ingestion completed
[ 2026-08-20 12:14:21,959 ] 40 root - INFO - Initiate the data validation
[ 2026-08-20 12:14:22,086 ] 61 root - INFO - Required number of columns: 31
[ 2026-08-20 12:14:22,086 ] 65 root - INFO - Data frame has columns: 31
[ 2026-08-20 12:14:22,086 ] 61 root - INFO - Required number of columns: 31
[ 2026-08-20 12:14:22,087 ] 65 root - INFO - Data frame has columns: 31
[ 2026-08-20 12:14:22,609 ] 42 root - INFO - Data validation completed
[ 2026-08-20 12:14:22,609 ] 49 root - INFO - Data Transformation Started
[ 2026-08-20 12:14:22,609 ] 101 root - INFO - Entered initiate_data_transformation method of DataTransformation class
[ 2026-08-20 12:14:22,609 ] 107 root - INFO - Starting data transformation
[ 2026-08-20 12:14:22,766 ] 71 root - INFO - Entered get_data_transformer_object method of DataTransformation class
[ 2026-08-20 12:14:22,767 ] 81 root - INFO - Initialise KNNImputer with {'missing_values': nan, 'n_neighbors': 3, 'weights': 'uniform'}
[ 2026-08-20 12:14:22,887 ] 96 root - INFO - Entered save_numpy_array_data method
[ 2026-08-20 12:14:22,893 ] 108 root - INFO - NumPy array saved successfully at: Artifacts\08_20_2026_12_14_10\data_transformation\train.npy
[ 2026-08-20 12:14:22,894 ] 96 root - INFO - Entered save_numpy_array_data method
[ 2026-08-20 12:14:22,896 ] 108 root - INFO - NumPy array saved successfully at: Artifacts\08_20_2026_12_14_10\data_transformation\test.npy
[ 2026-08-20 12:14:22,896 ] 40 root - INFO - Entered save_object method
[ 2026-08-20 12:14:22,899 ] 50 root - INFO - Object saved successfully at: Artifacts\08_20_2026_12_14_10\data_transformation\preprocessing.pkl
[ 2026-08-20 12:14:22,899 ] 215 root - INFO - Data transformation completed successfully
[ 2026-08-20 12:14:22,899 ] 235 root - INFO - Data transformation artifact: DataTransformationArtifact(transformed_object_file_path='Artifacts\\08_20_2026_12_14_10\\data_transformation\\preprocessing.pkl', transformed_train_file_path='Artifacts\\08_20_2026_12_14_10\\data_transformation\\train.npy', transformed_test_file_path='Artifacts\\08_20_2026_12_14_10\\data_transformation\\test.npy')
[ 2026-08-20 12:14:22,901 ] 59 root - INFO - Data Transformation Completed
[ 2026-08-20 12:14:22,901 ] 64 root - INFO - Model Training started
[ 2026-08-20 12:14:22,902 ] 77 root - INFO - Entered load_numpy_array_data method
[ 2026-08-20 12:14:22,920 ] 81 root - INFO - NumPy array loaded successfully from: Artifacts\08_20_2026_12_14_10\data_transformation\train.npy
[ 2026-08-20 12:14:22,921 ] 77 root - INFO - Entered load_numpy_array_data method
[ 2026-08-20 12:14:22,952 ] 81 root - INFO - NumPy array loaded successfully from: Artifacts\08_20_2026_12_14_10\data_transformation\test.npy
[ 2026-08-20 12:14:43,583 ] 182 root - INFO - Random Forest: train_score=0.9898236092265943, test_score=0.9782903663500678
[ 2026-08-20 12:14:43,933 ] 182 root - INFO - Decision Tree: train_score=0.9898236092265943, test_score=0.9724106739032112
[ 2026-08-20 12:16:20,618 ] 182 root - INFO - Gradient Boosting: train_score=0.9527363184079602, test_score=0.9565807327001357
[ 2026-08-20 12:16:20,714 ] 182 root - INFO - Logistic Regression: train_score=0.925599276345545, test_score=0.9348710990502035
[ 2026-08-20 12:17:42,414 ] 182 root - INFO - AdaBoost: train_score=0.9312528267752148, test_score=0.9344188150158299
[ 2026-08-20 12:17:44,078 ] 91 root - WARNING - MLflow model artifact was not logged: [WinError 5] Access is denied: 'C:\\Users\\KOUSTAV\\AppData\\Local\\Temp\\tmpljzxs0db'
[ 2026-08-20 12:17:44,103 ] 60 root - INFO - Entered load_object method
[ 2026-08-20 12:17:44,127 ] 65 root - INFO - Object loaded successfully from: Artifacts\08_20_2026_12_14_10\data_transformation\preprocessing.pkl
[ 2026-08-20 12:17:44,128 ] 40 root - INFO - Entered save_object method
[ 2026-08-20 12:17:44,186 ] 50 root - INFO - Object saved successfully at: Artifacts\08_20_2026_12_14_10\model_trainer\trained_model\model.pkl
[ 2026-08-20 12:17:44,187 ] 335 root - INFO - Model trainer artifact: ModelTrainerArtifact(trained_model_file_path='Artifacts\\08_20_2026_12_14_10\\model_trainer\\trained_model\\model.pkl', train_metric_artifact=ClassificationMetricArtifact(f1_score=0.9898201466267215, precision_score=0.9898314936511853, recall_score=0.9898236092265943), test_metric_artifact=ClassificationMetricArtifact(f1_score=0.9782868752608582, precision_score=0.9782898380392748, recall_score=0.9782903663500678))
[ 2026-08-20 12:17:44,196 ] 76 root - INFO - Model Training artifact created
